---
http_interactions:
- request:
    method: get
    uri: https://api.instagram.com/v1/users/self.json?access_token=2177716938.9f5aa00.d6cea0874258401ebdb6f1e58bae9f9c
    body:
      encoding: US-ASCII
      string: ''
    headers:
      Accept:
      - application/json; charset=utf-8
      User-Agent:
      - Instagram Ruby Gem 1.1.6
      Authorization:
      - Token token="2177716938.9f5aa00.d6cea0874258401ebdb6f1e58bae9f9c"
      Accept-Encoding:
      - gzip;q=1.0,deflate;q=0.6,identity;q=0.3
  response:
    status:
      code: 200
      message: OK
    headers:
      X-Ratelimit-Remaining:
      - '4882'
      Content-Language:
      - en
      Expires:
      - Sat, 01 Jan 2000 00:00:00 GMT
      Vary:
      - Cookie, Accept-Language, Accept-Encoding
      X-Ratelimit-Limit:
      - '5000'
      Pragma:
      - no-cache
      Cache-Control:
      - private, no-cache, no-store, must-revalidate
      Date:
      - Fri, 11 Sep 2015 18:19:16 GMT
      Content-Type:
      - application/json; charset=utf-8
      Set-Cookie:
      - csrftoken=e689358da45bf3d9bb0fea9a8f8a2d88; expires=Fri, 09-Sep-2016 18:19:16
        GMT; Max-Age=31449600; Path=/
      Connection:
      - keep-alive
      Content-Length:
      - '245'
    body:
      encoding: ASCII-8BIT
      string: '{"meta":{"code":200},"data":{"username":"al.tides","bio":"","website":"","profile_picture":"http:\/\/photos-c.ak.instagram.com\/hphotos-ak-xaf1\/t51.2885-19\/s150x150\/11887039_1475445926116578_771327568_a.jpg","full_name":"Alex
        Tideman","counts":{"media":5,"followed_by":2,"follows":2},"id":"2177716938"}}'
    http_version: 
  recorded_at: Fri, 11 Sep 2015 18:20:24 GMT
- request:
    method: get
    uri: https://api.instagram.com/v1/users/self/media/recent.json?access_token=2177716938.9f5aa00.d6cea0874258401ebdb6f1e58bae9f9c
    body:
      encoding: US-ASCII
      string: ''
    headers:
      Accept:
      - application/json; charset=utf-8
      User-Agent:
      - Instagram Ruby Gem 1.1.6
      Authorization:
      - Token token="2177716938.9f5aa00.d6cea0874258401ebdb6f1e58bae9f9c"
      Accept-Encoding:
      - gzip;q=1.0,deflate;q=0.6,identity;q=0.3
  response:
    status:
      code: 200
      message: OK
    headers:
      X-Ratelimit-Remaining:
      - '4881'
      Content-Language:
      - en
      Expires:
      - Sat, 01 Jan 2000 00:00:00 GMT
      Vary:
      - Cookie, Accept-Language, Accept-Encoding
      X-Ratelimit-Limit:
      - '5000'
      Pragma:
      - no-cache
      Cache-Control:
      - private, no-cache, no-store, must-revalidate
      Date:
      - Fri, 11 Sep 2015 18:19:16 GMT
      Content-Type:
      - application/json; charset=utf-8
      Set-Cookie:
      - csrftoken=6273d1a2e6dd5cd7adc337709dcffe49; expires=Fri, 09-Sep-2016 18:19:16
        GMT; Max-Age=31449600; Path=/
      Connection:
      - keep-alive
      Content-Length:
      - '965'
    body:
      encoding: ASCII-8BIT
      string: '{"pagination":{},"meta":{"code":200},"data":[{"attribution":null,"tags":[],"type":"image","location":null,"comments":{"count":0,"data":[]},"filter":"Normal","created_time":"1441839315","link":"https:\/\/instagram.com\/p\/7bWfGfHk30\/","likes":{"count":0,"data":[]},"images":{"low_resolution":{"url":"https:\/\/scontent.cdninstagram.com\/hphotos-xaf1\/t51.2885-15\/s320x320\/e35\/11875560_1467732236868983_1798784053_n.jpg","width":320,"height":320},"thumbnail":{"url":"https:\/\/scontent.cdninstagram.com\/hphotos-xaf1\/t51.2885-15\/s150x150\/e35\/11875560_1467732236868983_1798784053_n.jpg","width":150,"height":150},"standard_resolution":{"url":"https:\/\/scontent.cdninstagram.com\/hphotos-xaf1\/t51.2885-15\/s640x640\/sh0.08\/e35\/11875560_1467732236868983_1798784053_n.jpg","width":640,"height":640}},"users_in_photo":[],"caption":null,"user_has_liked":false,"id":"1070548230722178548_2177716938","user":{"username":"al.tides","profile_picture":"http:\/\/photos-c.ak.instagram.com\/hphotos-ak-xaf1\/t51.2885-19\/s150x150\/11887039_1475445926116578_771327568_a.jpg","id":"2177716938","full_name":"Alex
        Tideman"}},{"attribution":null,"tags":[],"type":"image","location":null,"comments":{"count":0,"data":[]},"filter":"Moon","created_time":"1441839258","link":"https:\/\/instagram.com\/p\/7bWYGPnk3n\/","likes":{"count":0,"data":[]},"images":{"low_resolution":{"url":"https:\/\/scontent.cdninstagram.com\/hphotos-xaf1\/t51.2885-15\/s320x320\/e35\/11252568_495342753975174_1646866199_n.jpg","width":320,"height":320},"thumbnail":{"url":"https:\/\/scontent.cdninstagram.com\/hphotos-xaf1\/t51.2885-15\/s150x150\/e35\/c0.135.1080.1080\/11909436_1655638078056213_677990449_n.jpg","width":150,"height":150},"standard_resolution":{"url":"https:\/\/scontent.cdninstagram.com\/hphotos-xaf1\/t51.2885-15\/s640x640\/sh0.08\/e35\/11252568_495342753975174_1646866199_n.jpg","width":640,"height":640}},"users_in_photo":[],"caption":null,"user_has_liked":false,"id":"1070547749425794535_2177716938","user":{"username":"al.tides","profile_picture":"http:\/\/photos-c.ak.instagram.com\/hphotos-ak-xaf1\/t51.2885-19\/s150x150\/11887039_1475445926116578_771327568_a.jpg","id":"2177716938","full_name":"Alex
        Tideman"}},{"attribution":null,"tags":[],"type":"image","location":null,"comments":{"count":0,"data":[]},"filter":"Normal","created_time":"1441839100","link":"https:\/\/instagram.com\/p\/7bWE0wnk3D\/","likes":{"count":0,"data":[]},"images":{"low_resolution":{"url":"https:\/\/scontent.cdninstagram.com\/hphotos-xfa1\/t51.2885-15\/s320x320\/e35\/11939696_663444770458072_808634627_n.jpg","width":320,"height":320},"thumbnail":{"url":"https:\/\/scontent.cdninstagram.com\/hphotos-xfa1\/t51.2885-15\/s150x150\/e35\/11939696_663444770458072_808634627_n.jpg","width":150,"height":150},"standard_resolution":{"url":"https:\/\/scontent.cdninstagram.com\/hphotos-xfa1\/t51.2885-15\/s640x640\/sh0.08\/e35\/11939696_663444770458072_808634627_n.jpg","width":640,"height":640}},"users_in_photo":[],"caption":null,"user_has_liked":false,"id":"1070546424982031811_2177716938","user":{"username":"al.tides","profile_picture":"http:\/\/photos-c.ak.instagram.com\/hphotos-ak-xaf1\/t51.2885-19\/s150x150\/11887039_1475445926116578_771327568_a.jpg","id":"2177716938","full_name":"Alex
        Tideman"}},{"attribution":null,"tags":[],"type":"image","location":null,"comments":{"count":1,"data":[{"created_time":"1441830726","text":"Gentlemen
        of the Rod?","from":{"username":"jkchrondor","profile_picture":"http:\/\/scontent.cdninstagram.com\/hphotos-xta1\/t51.2885-19\/10848160_581907701954120_1613397019_a.jpg","id":"1608183311","full_name":"Jake
        Condon"},"id":"1070476179198070396"}]},"filter":"Normal","created_time":"1441830020","link":"https:\/\/instagram.com\/p\/7bEwbFHk36\/","likes":{"count":0,"data":[]},"images":{"low_resolution":{"url":"https:\/\/scontent.cdninstagram.com\/hphotos-xaf1\/t51.2885-15\/s320x320\/e35\/11821059_873777999371652_1365852344_n.jpg","width":320,"height":320},"thumbnail":{"url":"https:\/\/scontent.cdninstagram.com\/hphotos-xaf1\/t51.2885-15\/s150x150\/e35\/11821059_873777999371652_1365852344_n.jpg","width":150,"height":150},"standard_resolution":{"url":"https:\/\/scontent.cdninstagram.com\/hphotos-xaf1\/t51.2885-15\/s640x640\/sh0.08\/e35\/11821059_873777999371652_1365852344_n.jpg","width":640,"height":640}},"users_in_photo":[],"caption":null,"user_has_liked":false,"id":"1070470256228453882_2177716938","user":{"username":"al.tides","profile_picture":"http:\/\/photos-c.ak.instagram.com\/hphotos-ak-xaf1\/t51.2885-19\/s150x150\/11887039_1475445926116578_771327568_a.jpg","id":"2177716938","full_name":"Alex
        Tideman"}},{"attribution":null,"tags":[],"type":"image","location":null,"comments":{"count":0,"data":[]},"filter":"Normal","created_time":"1441830003","link":"https:\/\/instagram.com\/p\/7bEuYpHk33\/","likes":{"count":0,"data":[]},"images":{"low_resolution":{"url":"https:\/\/scontent.cdninstagram.com\/hphotos-xfp1\/t51.2885-15\/s320x320\/e35\/1922118_871229046297804_196333738_n.jpg","width":320,"height":320},"thumbnail":{"url":"https:\/\/scontent.cdninstagram.com\/hphotos-xfp1\/t51.2885-15\/s150x150\/e35\/1922118_871229046297804_196333738_n.jpg","width":150,"height":150},"standard_resolution":{"url":"https:\/\/scontent.cdninstagram.com\/hphotos-xfp1\/t51.2885-15\/s640x640\/sh0.08\/e35\/1922118_871229046297804_196333738_n.jpg","width":640,"height":640}},"users_in_photo":[],"caption":null,"user_has_liked":false,"id":"1070470116172254711_2177716938","user":{"username":"al.tides","profile_picture":"http:\/\/photos-c.ak.instagram.com\/hphotos-ak-xaf1\/t51.2885-19\/s150x150\/11887039_1475445926116578_771327568_a.jpg","id":"2177716938","full_name":"Alex
        Tideman"}}]}'
    http_version: 
  recorded_at: Fri, 11 Sep 2015 18:20:24 GMT
- request:
    method: get
    uri: https://api.instagram.com/v1/users/self.json?access_token=2177716938.9f5aa00.d6cea0874258401ebdb6f1e58bae9f9c
    body:
      encoding: US-ASCII
      string: ''
    headers:
      Accept:
      - application/json; charset=utf-8
      User-Agent:
      - Instagram Ruby Gem 1.1.6
      Authorization:
      - Token token="2177716938.9f5aa00.d6cea0874258401ebdb6f1e58bae9f9c"
      Accept-Encoding:
      - gzip;q=1.0,deflate;q=0.6,identity;q=0.3
  response:
    status:
      code: 200
      message: OK
    headers:
      X-Ratelimit-Remaining:
      - '4880'
      Content-Language:
      - en
      Expires:
      - Sat, 01 Jan 2000 00:00:00 GMT
      Vary:
      - Cookie, Accept-Language, Accept-Encoding
      X-Ratelimit-Limit:
      - '5000'
      Pragma:
      - no-cache
      Cache-Control:
      - private, no-cache, no-store, must-revalidate
      Date:
      - Fri, 11 Sep 2015 18:19:17 GMT
      Content-Type:
      - application/json; charset=utf-8
      Set-Cookie:
      - csrftoken=2f408754bfd940f83b04b1890cf2b630; expires=Fri, 09-Sep-2016 18:19:17
        GMT; Max-Age=31449600; Path=/
      Connection:
      - keep-alive
      Content-Length:
      - '245'
    body:
      encoding: ASCII-8BIT
      string: '{"meta":{"code":200},"data":{"username":"al.tides","bio":"","website":"","profile_picture":"http:\/\/photos-c.ak.instagram.com\/hphotos-ak-xaf1\/t51.2885-19\/s150x150\/11887039_1475445926116578_771327568_a.jpg","full_name":"Alex
        Tideman","counts":{"media":5,"followed_by":2,"follows":2},"id":"2177716938"}}'
    http_version: 
  recorded_at: Fri, 11 Sep 2015 18:20:24 GMT
- request:
    method: get
    uri: https://api.instagram.com/v1/users/self/media/recent.json?access_token=2177716938.9f5aa00.d6cea0874258401ebdb6f1e58bae9f9c
    body:
      encoding: US-ASCII
      string: ''
    headers:
      Accept:
      - application/json; charset=utf-8
      User-Agent:
      - Instagram Ruby Gem 1.1.6
      Authorization:
      - Token token="2177716938.9f5aa00.d6cea0874258401ebdb6f1e58bae9f9c"
      Accept-Encoding:
      - gzip;q=1.0,deflate;q=0.6,identity;q=0.3
  response:
    status:
      code: 200
      message: OK
    headers:
      X-Ratelimit-Remaining:
      - '4879'
      Content-Language:
      - en
      Expires:
      - Sat, 01 Jan 2000 00:00:00 GMT
      Vary:
      - Cookie, Accept-Language, Accept-Encoding
      X-Ratelimit-Limit:
      - '5000'
      Pragma:
      - no-cache
      Cache-Control:
      - private, no-cache, no-store, must-revalidate
      Date:
      - Fri, 11 Sep 2015 18:19:17 GMT
      Content-Type:
      - application/json; charset=utf-8
      Set-Cookie:
      - csrftoken=317dde724090d7fdaad3e74d1c096831; expires=Fri, 09-Sep-2016 18:19:17
        GMT; Max-Age=31449600; Path=/
      Connection:
      - keep-alive
      Content-Length:
      - '965'
    body:
      encoding: ASCII-8BIT
      string: '{"pagination":{},"meta":{"code":200},"data":[{"attribution":null,"tags":[],"type":"image","location":null,"comments":{"count":0,"data":[]},"filter":"Normal","created_time":"1441839315","link":"https:\/\/instagram.com\/p\/7bWfGfHk30\/","likes":{"count":0,"data":[]},"images":{"low_resolution":{"url":"https:\/\/scontent.cdninstagram.com\/hphotos-xaf1\/t51.2885-15\/s320x320\/e35\/11875560_1467732236868983_1798784053_n.jpg","width":320,"height":320},"thumbnail":{"url":"https:\/\/scontent.cdninstagram.com\/hphotos-xaf1\/t51.2885-15\/s150x150\/e35\/11875560_1467732236868983_1798784053_n.jpg","width":150,"height":150},"standard_resolution":{"url":"https:\/\/scontent.cdninstagram.com\/hphotos-xaf1\/t51.2885-15\/s640x640\/sh0.08\/e35\/11875560_1467732236868983_1798784053_n.jpg","width":640,"height":640}},"users_in_photo":[],"caption":null,"user_has_liked":false,"id":"1070548230722178548_2177716938","user":{"username":"al.tides","profile_picture":"http:\/\/photos-c.ak.instagram.com\/hphotos-ak-xaf1\/t51.2885-19\/s150x150\/11887039_1475445926116578_771327568_a.jpg","id":"2177716938","full_name":"Alex
        Tideman"}},{"attribution":null,"tags":[],"type":"image","location":null,"comments":{"count":0,"data":[]},"filter":"Moon","created_time":"1441839258","link":"https:\/\/instagram.com\/p\/7bWYGPnk3n\/","likes":{"count":0,"data":[]},"images":{"low_resolution":{"url":"https:\/\/scontent.cdninstagram.com\/hphotos-xaf1\/t51.2885-15\/s320x320\/e35\/11252568_495342753975174_1646866199_n.jpg","width":320,"height":320},"thumbnail":{"url":"https:\/\/scontent.cdninstagram.com\/hphotos-xaf1\/t51.2885-15\/s150x150\/e35\/c0.135.1080.1080\/11909436_1655638078056213_677990449_n.jpg","width":150,"height":150},"standard_resolution":{"url":"https:\/\/scontent.cdninstagram.com\/hphotos-xaf1\/t51.2885-15\/s640x640\/sh0.08\/e35\/11252568_495342753975174_1646866199_n.jpg","width":640,"height":640}},"users_in_photo":[],"caption":null,"user_has_liked":false,"id":"1070547749425794535_2177716938","user":{"username":"al.tides","profile_picture":"http:\/\/photos-c.ak.instagram.com\/hphotos-ak-xaf1\/t51.2885-19\/s150x150\/11887039_1475445926116578_771327568_a.jpg","id":"2177716938","full_name":"Alex
        Tideman"}},{"attribution":null,"tags":[],"type":"image","location":null,"comments":{"count":0,"data":[]},"filter":"Normal","created_time":"1441839100","link":"https:\/\/instagram.com\/p\/7bWE0wnk3D\/","likes":{"count":0,"data":[]},"images":{"low_resolution":{"url":"https:\/\/scontent.cdninstagram.com\/hphotos-xfa1\/t51.2885-15\/s320x320\/e35\/11939696_663444770458072_808634627_n.jpg","width":320,"height":320},"thumbnail":{"url":"https:\/\/scontent.cdninstagram.com\/hphotos-xfa1\/t51.2885-15\/s150x150\/e35\/11939696_663444770458072_808634627_n.jpg","width":150,"height":150},"standard_resolution":{"url":"https:\/\/scontent.cdninstagram.com\/hphotos-xfa1\/t51.2885-15\/s640x640\/sh0.08\/e35\/11939696_663444770458072_808634627_n.jpg","width":640,"height":640}},"users_in_photo":[],"caption":null,"user_has_liked":false,"id":"1070546424982031811_2177716938","user":{"username":"al.tides","profile_picture":"http:\/\/photos-c.ak.instagram.com\/hphotos-ak-xaf1\/t51.2885-19\/s150x150\/11887039_1475445926116578_771327568_a.jpg","id":"2177716938","full_name":"Alex
        Tideman"}},{"attribution":null,"tags":[],"type":"image","location":null,"comments":{"count":1,"data":[{"created_time":"1441830726","text":"Gentlemen
        of the Rod?","from":{"username":"jkchrondor","profile_picture":"http:\/\/scontent.cdninstagram.com\/hphotos-xta1\/t51.2885-19\/10848160_581907701954120_1613397019_a.jpg","id":"1608183311","full_name":"Jake
        Condon"},"id":"1070476179198070396"}]},"filter":"Normal","created_time":"1441830020","link":"https:\/\/instagram.com\/p\/7bEwbFHk36\/","likes":{"count":0,"data":[]},"images":{"low_resolution":{"url":"https:\/\/scontent.cdninstagram.com\/hphotos-xaf1\/t51.2885-15\/s320x320\/e35\/11821059_873777999371652_1365852344_n.jpg","width":320,"height":320},"thumbnail":{"url":"https:\/\/scontent.cdninstagram.com\/hphotos-xaf1\/t51.2885-15\/s150x150\/e35\/11821059_873777999371652_1365852344_n.jpg","width":150,"height":150},"standard_resolution":{"url":"https:\/\/scontent.cdninstagram.com\/hphotos-xaf1\/t51.2885-15\/s640x640\/sh0.08\/e35\/11821059_873777999371652_1365852344_n.jpg","width":640,"height":640}},"users_in_photo":[],"caption":null,"user_has_liked":false,"id":"1070470256228453882_2177716938","user":{"username":"al.tides","profile_picture":"http:\/\/photos-c.ak.instagram.com\/hphotos-ak-xaf1\/t51.2885-19\/s150x150\/11887039_1475445926116578_771327568_a.jpg","id":"2177716938","full_name":"Alex
        Tideman"}},{"attribution":null,"tags":[],"type":"image","location":null,"comments":{"count":0,"data":[]},"filter":"Normal","created_time":"1441830003","link":"https:\/\/instagram.com\/p\/7bEuYpHk33\/","likes":{"count":0,"data":[]},"images":{"low_resolution":{"url":"https:\/\/scontent.cdninstagram.com\/hphotos-xfp1\/t51.2885-15\/s320x320\/e35\/1922118_871229046297804_196333738_n.jpg","width":320,"height":320},"thumbnail":{"url":"https:\/\/scontent.cdninstagram.com\/hphotos-xfp1\/t51.2885-15\/s150x150\/e35\/1922118_871229046297804_196333738_n.jpg","width":150,"height":150},"standard_resolution":{"url":"https:\/\/scontent.cdninstagram.com\/hphotos-xfp1\/t51.2885-15\/s640x640\/sh0.08\/e35\/1922118_871229046297804_196333738_n.jpg","width":640,"height":640}},"users_in_photo":[],"caption":null,"user_has_liked":false,"id":"1070470116172254711_2177716938","user":{"username":"al.tides","profile_picture":"http:\/\/photos-c.ak.instagram.com\/hphotos-ak-xaf1\/t51.2885-19\/s150x150\/11887039_1475445926116578_771327568_a.jpg","id":"2177716938","full_name":"Alex
        Tideman"}}]}'
    http_version: 
  recorded_at: Fri, 11 Sep 2015 18:20:25 GMT
recorded_with: VCR 2.9.3
